---
source: crates/minimal-tui/tests/snapshots.rs
expression: render(&model)
---
"┌ sessions ────────────────────┐┌ api-staging · 00000000 ────────────────────Info Policy [Preview] ┐"
"│ /                            ││ ─ Preview (live screen snapshot) ─────────────────────────────── │"
"│ ──────────────────────────── ││ $ cargo run                                                      │"
"│ ▼ host  v0.1              ●  ││     Compiling minimal v0.1 (1457 deps)…                          │"
"│   ▸ api-staging          -   ││     Finished `dev` profile in 3m 04s                             │"
"│                              ││ $                                                                │"
"│                              ││                                                                  │"
"│                              ││                                                                  │"
"│                              ││                                                                  │"
"│                              ││                                                                  │"
"│                              ││                                                                  │"
"│                              ││                                                                  │"
"│                              ││                                                                  │"
"│                              ││                                                                  │"
"│                              ││                                                                  │"
"│                              ││                                                                  │"
"│                              ││                                                                  │"
"│                              ││                                                                  │"
"│                              ││                                                                  │"
"│                              ││                                                                  │"
"│                              ││                                                                  │"
"│                              ││                                                                  │"
"│                              ││                                                                  │"
"│                              ││                                                                  │"
"│                              ││                                                                  │"
"│                              ││                                                                  │"
"│                              ││                                                                  │"
"│                              ││                                                                  │"
"└──────────────────────────────┘└──────────────────────────────────────────────────────────────────┘"
" ↑↓ move · / filter · tab switch · enter attach · d destroy · r rename · n new · q quit             "
