---
source: crates/minimal-tui/tests/snapshots.rs
expression: render(&mut model)
---
"┌──────────────────────────────┐┌──────────────────────────────────────────────────────────────────┐"
"│      ▃🭕🭏🭕🭏 M I N I M A L     ││ no session selected                                              │"
"│ ──────────────────────────── ││                                                                  │"
"│ /                            ││                                                                  │"
"│ ──────────────────────────── ││                                                                  │"
"│ ▼ host  v0.1              ●  ││                                                                  │"
"│     api-staging         -    ││                                                                  │"
"│ ▼ vm  v0.1                ●  ││                                                                  │"
"│     bench               -    ││                                                                  │"
"│                              ││                                                                  │"
"│                              ││                                                                  │"
"│                              ││                                                                  │"
"│                              ││                                                                  │"
"│                              ││                                                                  │"
"│                              ││                                                                  │"
"│                              ││                                                                  │"
"│                              ││                                                                  │"
"│                              ││                                                                  │"
"│                              ││                                                                  │"
"│                              ││                                                                  │"
"│                              ││                                                                  │"
"│                              ││                                                                  │"
"│                              ││                                                                  │"
"│                              ││                                                                  │"
"│                              ││                                                                  │"
"│                              ││                                                                  │"
"│                              ││                                                                  │"
"│                              ││                                                                  │"
"└──────────────────────────────┘└──────────────────────────────────────────────────────────────────┘"
" ↑↓ move · / filter · enter attach · d destroy · r rename · n new · q quit                          "
