---
source: crates/minimal-tui/tests/snapshots.rs
expression: render(&mut model)
---
"┌──────────────────────────────┐┌ api-staging · 00000000 ──────────────────────────────────────────┐"
"│      ▃◥◣◥◣ M I N I M A L     ││ project /src/api                  net   OwnIp                    │"
"│ ──────────────────────────── ││ user    chroma                    idle  -                        │"
"│ /                            ││ title   -                                                        │"
"│ ──────────────────────────── ││ bells   -                                                        │"
"│ ▼ host  v0.1              ●  ││ ─ Policy ─────────────────────────────────────────────────────── │"
"│   ▸ api-staging     OwnIp    ││ egress                                                           │"
"│                              ││   subnets  10.0.0.0/8                                            │"
"│                              ││   dns hosts  allow all                                           │"
"│                              ││   protocols  allow all                                           │"
"│                              ││ ingress                                                          │"
"│                              ││   tcp  :8080 → :80                                               │"
"│                              ││ ─ Preview (live screen snapshot) ─────────────────────────────── │"
"│                              ││ loading preview…                                                 │"
"│                              ││                                                                  │"
"│                              ││                                                                  │"
"│                              ││                                                                  │"
"│                              ││                                                                  │"
"│                              ││                                                                  │"
"│                              ││                                                                  │"
"│                              ││                                                                  │"
"│                              ││                                                                  │"
"│                              ││                                                                  │"
"│                              ││                                                                  │"
"│                              ││                                                                  │"
"│                              ││                                                                  │"
"│                              ││                                                                  │"
"│                              ││                                                                  │"
"└──────────────────────────────┘└──────────────────────────────────────────────────────────────────┘"
" ↑↓ move · / filter · enter attach · d destroy · r rename · n new · q quit                          "
