---
source: crates/minimal-tui/tests/snapshots.rs
expression: render(&model)
---
"┌ sessions ────────────────────┐┌ api-staging · 00000000 ────────────────────Info [Policy] Preview ┐"
"│ /                            ││ egress                                                           │"
"│ ──────────────────────────── ││   subnets  10.0.0.0/8                                            │"
"│ ▼ host  v0.1              ●  ││   dns hosts  allow all                                           │"
"│   ▸ api-staging      OwnIp   ││   protocols  allow all                                           │"
"│                              ││ ingress                                                          │"
"│                              ││   tcp  :8080 → :80                                               │"
"│                              ││                                                                  │"
"│                              ││                                                                  │"
"│                              ││                                                                  │"
"│                              ││                                                                  │"
"│                              ││                                                                  │"
"│                              ││                                                                  │"
"│                              ││                                                                  │"
"│                              ││                                                                  │"
"│                              ││                                                                  │"
"│                              ││                                                                  │"
"│                              ││                                                                  │"
"│                              ││                                                                  │"
"│                              ││                                                                  │"
"│                              ││                                                                  │"
"│                              ││                                                                  │"
"│                              ││                                                                  │"
"│                              ││                                                                  │"
"│                              ││                                                                  │"
"│                              ││                                                                  │"
"│                              ││                                                                  │"
"│                              ││                                                                  │"
"└──────────────────────────────┘└──────────────────────────────────────────────────────────────────┘"
" ↑↓ move · / filter · tab switch · enter attach · d destroy · r rename · n new · q quit             "
