---
source: crates/minimal-tui/tests/snapshots.rs
expression: render(&model)
---
"┌ sessions ────────────────────┐┌ api-staging · 00000000 ──────────────────────────────────────────┐"
"│ /                            ││ project /src/api                  net   OwnIp                    │"
"│ ──────────────────────────── ││ user    chroma                    idle  -                        │"
"│ ▼ host  v0.1              ●  ││ title   -                                                        │"
"│   ▸ api-staging     OwnIp    ││ bells   -                                                        │"
"│                              ││ ─ Policy ─────────────────────────────────────────────────────── │"
"│                              ││ egress                                                           │"
"│                              ││   subnets  10.0.0.0/8                                            │"
"│                              ││   dns hosts  allow all                                           │"
"│                              ││   protocols  allow all                                           │"
"│                              ││ ingress                                                          │"
"│                              ││   tcp  :8080 → :80                                               │"
"│                              ││ ─ Preview (live screen snapshot) ─────────────────────────────── │"
"│                              ││ loading preview…                                                 │"
"│                              ││                                                                  │"
"│                              ││                                                                  │"
"│                              ││                                                                  │"
"│                              ││                                                                  │"
"│                              ││                                                                  │"
"│                              ││                                                                  │"
"│                              ││                                                                  │"
"│                              ││                                                                  │"
"│                              ││                                                                  │"
"│                              ││                                                                  │"
"│                              ││                                                                  │"
"│                              ││                                                                  │"
"│                              ││                                                                  │"
"│                              ││                                                                  │"
"└──────────────────────────────┘└──────────────────────────────────────────────────────────────────┘"
" ↑↓ move · / filter · enter attach · d destroy · r rename · n new · q quit                          "
