---
source: crates/minimal-tui/tests/snapshots.rs
expression: render(&model)
---
"┌ sessions ────────────────────┐┌──────────────────────────────────────────────────────────────────┐"
"│ /                            ││ no session selected                                              │"
"│ ──────────────────────────── ││                                                                  │"
"│ ▼ host  v0.1              ●  ││                                                                  │"
"│     api-staging         -    ││                                                                  │"
"│     (unnamed)           -    ││                                                                  │"
"│                              ││                                                                  │"
"│                              ││                                                                  │"
"│                              ││                                                                  │"
"│                              ││                                                                  │"
"│                              ││                                                                  │"
"│                              ││                                                                  │"
"│                              ││                                                                  │"
"│                              ││                                                                  │"
"│                              ││                                                                  │"
"│                              ││                                                                  │"
"│                              ││                                                                  │"
"│                              ││                                                                  │"
"│                              ││                                                                  │"
"│                              ││                                                                  │"
"│                              ││                                                                  │"
"│                              ││                                                                  │"
"│                              ││                                                                  │"
"│                              ││                                                                  │"
"│                              ││                                                                  │"
"│                              ││                                                                  │"
"│                              ││                                                                  │"
"│                              ││                                                                  │"
"└──────────────────────────────┘└──────────────────────────────────────────────────────────────────┘"
" ↑↓ move · / filter · enter attach · d destroy · r rename · n new · q quit                          "
