---
source: crates/minimal-tui/tests/snapshots.rs
assertion_line: 104
expression: render(&mut model)
---
"┌ sessions ────────────────────┐┌──────────────────────────────────────────────────────────────────┐"
"│ / bench                      ││ no session selected                                              │"
"│ ──────────────────────────── ││                                                                  │"
"│ ▼ host  v0.1              ●  ││                                                                  │"
"│ ▼ vm  v0.1                ●  ││                                                                  │"
"│     bench               -    ││                                                                  │"
"│                              ││                                                                  │"
"│                              ││                                                                  │"
"│                              ││                                                                  │"
"│                              ││                                                                  │"
"│                              ││                                                                  │"
"│                              ││                                                                  │"
"│                              ││                                                                  │"
"│                              ││                                                                  │"
"│                              ││                                                                  │"
"│                              ││                                                                  │"
"│                              ││                                                                  │"
"│                              ││                                                                  │"
"│                              ││                                                                  │"
"│                              ││                                                                  │"
"│                              ││                                                                  │"
"│                              ││                                                                  │"
"│                              ││                                                                  │"
"│                              ││                                                                  │"
"│                              ││                                                                  │"
"│                              ││                                                                  │"
"│                              ││                                                                  │"
"│                              ││                                                                  │"
"└──────────────────────────────┘└──────────────────────────────────────────────────────────────────┘"
" filter: bench · 1 of 2 sessions · esc clears · ↑↓ move · enter attach · q quit                     "
