---
source: crates/minimal-tui/tests/snapshots.rs
expression: "render(&fixed_model(vec![]))"
---
"┌ sessions ────────────────────┐┌────────────────────────────────────────────[Info] Policy Preview ┐"
"│ /                            ││ no session selected                                              │"
"│ ──────────────────────────── ││                                                                  │"
"│ no sessions (n to create)    ││                                                                  │"
"│                              ││                                                                  │"
"│                              ││                                                                  │"
"│                              ││                                                                  │"
"│                              ││                                                                  │"
"│                              ││                                                                  │"
"│                              ││                                                                  │"
"│                              ││                                                                  │"
"│                              ││                                                                  │"
"│                              ││                                                                  │"
"│                              ││                                                                  │"
"│                              ││                                                                  │"
"│                              ││                                                                  │"
"│                              ││                                                                  │"
"│                              ││                                                                  │"
"│                              ││                                                                  │"
"│                              ││                                                                  │"
"│                              ││                                                                  │"
"│                              ││                                                                  │"
"│                              ││                                                                  │"
"│                              ││                                                                  │"
"│                              ││                                                                  │"
"│                              ││                                                                  │"
"│                              ││                                                                  │"
"│                              ││                                                                  │"
"└──────────────────────────────┘└──────────────────────────────────────────────────────────────────┘"
" ↑↓ move · / filter · tab switch · enter attach · d destroy · r rename · n new · q quit             "
